#-----------------------------------------------------------
# Vivado v2019.2 (64-bit)
# SW Build 2708876 on Wed Nov  6 21:40:23 MST 2019
# IP Build 2700528 on Thu Nov  7 00:09:20 MST 2019
# Start of session at: Mon Oct 25 18:56:12 2021
# Process ID: 21280
# Current directory: E:/FPGA/pcie_test_4/pcie_test_4
# Command line: vivado.exe -gui_launcher_event rodinguilauncherevent3200 E:\FPGA\pcie_test_4\pcie_test_4\pcie_test_4.xpr
# Log file: E:/FPGA/pcie_test_4/pcie_test_4/vivado.log
# Journal file: E:/FPGA/pcie_test_4/pcie_test_4\vivado.jou
#-----------------------------------------------------------
start_gui
open_project E:/FPGA/pcie_test_4/pcie_test_4/pcie_test_4.xpr
update_compile_order -fileset sources_1
file mkdir E:/FPGA/pcie_test_4/pcie_test_4/pcie_test_4.srcs/sim_1/new
set_property SOURCE_SET sources_1 [get_filesets sim_1]
close [ open E:/FPGA/pcie_test_4/pcie_test_4/pcie_test_4.srcs/sim_1/new/udp_top_tb.v w ]
add_files -fileset sim_1 E:/FPGA/pcie_test_4/pcie_test_4/pcie_test_4.srcs/sim_1/new/udp_top_tb.v
update_compile_order -fileset sim_1
# Disabling source management mode.  This is to allow the top design properties to be set without GUI intervention.
set_property source_mgmt_mode None [current_project]
set_property top udp_top_tb [get_filesets sim_1]
set_property top_lib xil_defaultlib [get_filesets sim_1]
# Re-enabling previously disabled source management mode.
set_property source_mgmt_mode All [current_project]
update_compile_order -fileset sim_1
launch_simulation
update_compile_order -fileset sim_1
set_property source_mgmt_mode DisplayOnly [current_project]
launch_simulation
source udp_top_tb.tcl
current_wave_config {Untitled 1}
add_wave {{/udp_top_tb/u_udp_top/rec_pkt_done}} 
current_wave_config {Untitled 1}
add_wave {{/udp_top_tb/u_udp_top/rec_en}} 
current_wave_config {Untitled 1}
add_wave {{/udp_top_tb/u_udp_top/rec_data}} 
current_wave_config {Untitled 1}
add_wave {{/udp_top_tb/u_udp_top/src}} 
current_wave_config {Untitled 1}
add_wave {{/udp_top_tb/u_udp_top/dst}} 
restart
run 10 s
restart
run 10 s
close_sim
launch_simulation
source udp_top_tb.tcl
current_wave_config {Untitled 2}
add_wave {{/udp_top_tb/u_udp_top/rec_pkt_done}} 
current_wave_config {Untitled 2}
add_wave {{/udp_top_tb/u_udp_top/rec_en}} 
current_wave_config {Untitled 2}
add_wave {{/udp_top_tb/u_udp_top/rec_data}} 
current_wave_config {Untitled 2}
add_wave {{/udp_top_tb/u_udp_top/src}} 
current_wave_config {Untitled 2}
add_wave {{/udp_top_tb/u_udp_top/dst}} 
restart
run 10 s
run 10 s
run 10 s
run 10 s
run 10 s
run 10 s
run 10 s
run 10 s
run 10 s
run 10 s
run 10 s
run 10 s
close_sim
launch_simulation
source udp_top_tb.tcl
current_wave_config {Untitled 3}
add_wave {{/udp_top_tb/u_udp_top/rec_pkt_done}} 
current_wave_config {Untitled 3}
add_wave {{/udp_top_tb/u_udp_top/rec_en}} 
current_wave_config {Untitled 3}
add_wave {{/udp_top_tb/u_udp_top/rec_data}} 
current_wave_config {Untitled 3}
add_wave {{/udp_top_tb/u_udp_top/src}} 
current_wave_config {Untitled 3}
add_wave {{/udp_top_tb/u_udp_top/dst}} 
run 10 s
run 10 s
run 10 s
run 10 s
run 10 s
run 10 s
run 10 s
run 10 s
run 10 s
run 10 s
run 10 s
run 10 s
run 10 s
run 10 s
run 10 s
run 10 s
run 10 s
run 10 s
run 10 s
run 10 s
run 10 s
run 10 s
run 10 s
run 10 s
close_sim
launch_simulation
source udp_top_tb.tcl
close_sim
launch_simulation
launch_simulation
source udp_top_tb.tcl
current_wave_config {Untitled 5}
add_wave {{/udp_top_tb/u_udp_rx/rec_data}} 
current_wave_config {Untitled 5}
add_wave {{/udp_top_tb/u_udp_rx/rec_en}} 
current_wave_config {Untitled 5}
add_wave {{/udp_top_tb/u_udp_rx/rec_pkt_done}} 
current_wave_config {Untitled 5}
add_wave {{/udp_top_tb/u_udp_rx/src}} 
current_wave_config {Untitled 5}
add_wave {{/udp_top_tb/u_udp_rx/des_ip}} 
restart
run 10 s
run 10 s
run 10 s
run 10 s
close_sim
launch_simulation
source udp_top_tb.tcl
current_wave_config {Untitled 6}
add_wave {{/udp_top_tb/u_udp_rx/rec_pkt_done}} 
current_wave_config {Untitled 6}
add_wave {{/udp_top_tb/u_udp_rx/rec_en}} 
current_wave_config {Untitled 6}
add_wave {{/udp_top_tb/u_udp_rx/src}} 
current_wave_config {Untitled 6}
add_wave {{/udp_top_tb/u_udp_rx/des_ip}} 
restart
run 10 s
run 10 s
close_sim
launch_simulation
source udp_top_tb.tcl
run 10 s
run 10 s
run 10 s
run 10 s
run 10 s
run 10 s
close_sim
launch_simulation
source udp_top_tb.tcl
run 10 s
run 10 s
close_sim
launch_simulation
source udp_top_tb.tcl
run 10 s
run 10 s
close_sim
launch_simulation
source udp_top_tb.tcl
run 10 s
run 10 s
run 10 s
run 10 s
run 10 s
run 10 s
run 10 s
run 10 s
run 10 s
run 10 s
run 10 s
run 10 s
run 10 s
run 10 s
run 10 s
run 10 s
run 10 s
close_sim
launch_simulation
source udp_top_tb.tcl
run 10 s
close_sim
launch_simulation
source udp_top_tb.tcl
current_wave_config {Untitled 12}
add_wave {{/udp_top_tb/u_udp_rx/rec_pkt_done}} 
current_wave_config {Untitled 12}
add_wave {{/udp_top_tb/u_udp_rx/rec_en}} 
current_wave_config {Untitled 12}
add_wave {{/udp_top_tb/u_udp_rx/rec_data}} 
current_wave_config {Untitled 12}
add_wave {{/udp_top_tb/u_udp_rx/src}} 
current_wave_config {Untitled 12}
add_wave {{/udp_top_tb/u_udp_rx/des_ip}} 
run 10 s
restart
run 10 ms
close_sim
launch_simulation
source udp_top_tb.tcl
run 10 ms
close_sim
launch_simulation
source udp_top_tb.tcl
run 10 ms
close_sim
launch_simulation
source udp_top_tb.tcl
current_wave_config {Untitled 15}
add_wave {{/udp_top_tb/u_udp_rx/rec_en}} 
current_wave_config {Untitled 15}
add_wave {{/udp_top_tb/u_udp_rx/rec_data}} 
current_wave_config {Untitled 15}
add_wave {{/udp_top_tb/u_udp_rx/src}} 
current_wave_config {Untitled 15}
add_wave {{/udp_top_tb/u_udp_rx/des_ip}} 
current_wave_config {Untitled 15}
add_wave {{/udp_top_tb/u_udp_rx/rec_pkt_done}} 
restart
run 10 ms
run 10 ms
run 10 ms
run 10 ms
run 10 ms
run 10 ms
close_sim
